// Jest Snapshot v1, https://goo.gl/fbAQLP

exports[`displays a list of albums renders a list of albums 1`] = `
<DocumentFragment>
  <ul
    data-testid="albums"
  />
</DocumentFragment>
`;
